client,available,held,total,locked
1,1000,0,1000,true