client,available,held,total,locked
1,8,0,8,true
2,100,0,100,false

