client,available,held,total,locked
1,3.6,0,3.6,false
2,5.4,0,5.4,false