client,available,held,total,locked
1,150,0,150,false