client,available,held,total,locked
1,50.5,100,150.5,false
