client,available,held,total,locked
1,200,100,300,false