client,available,held,total,locked
1,1050,0,1050,false