client,available,held,total,locked
1,50,100,150,false