client,available,held,total,locked
1,950,0,950,false