client,available,held,total,locked
1,1000,0,1000,false
2,100,0,100,false