client,available,held,total,locked
1,0,50,50,false
2,25,0,25,false