client,available,held,total,locked
1,100,0,100,false