client,available,held,total,locked
1,400,200,600,false