client,available,held,total,locked
1,600,0,600,false