client,available,held,total,locked
1,1000,50,1050,false