client,available,held,total,locked
1,1100,75,1175,false