client,available,held,total,locked
1,200,0,200,true