client,available,held,total,locked
1,6.54321,0,6.54321,false