client,available,held,total,locked
1,0,200,200,true